======================================================
  Model      : ViT-Large (ImageNet-21k)
  Job ID     : 504
  Node       : dgx-a100
  GPU(s)     : MIG-1dffd88e-2c6f-5142-b2b2-1bceda9a9734
  Start time : Tue Mar  3 22:11:26 CET 2026
======================================================
[train] Device: cuda
[dataset] MultiDirDataset (train): 5926 total — glaucoma=2011, normal=3915
          GlaucomaDataset(split=train, total=3063, glaucoma=1081, normal=1982, src=train)
          GlaucomaDataset(split=train, total=990, glaucoma=234, normal=756, src=test)
          FolderGlaucomaDataset(split=train, total=520, glaucoma=134, normal=386, src=Train)
          GlaucomaDataset(split=train, total=703, glaucoma=394, normal=309, src=ACRIMA)
          CSVGlaucomaDataset(split=train, total=650, glaucoma=168, normal=482, src=ORIGA)
[dataset] MultiDirDataset (validation): 931 total — glaucoma=430, normal=501
          GlaucomaDataset(split=validation, total=801, glaucoma=396, normal=405, src=validation)
          FolderGlaucomaDataset(split=validation, total=130, glaucoma=34, normal=96, src=Validation)
[train] Test samples (REFUGE2): GlaucomaDataset(split=test, total=400, glaucoma=40, normal=360, src=train)
[model] Loading ViT-Large (ImageNet-21k) from timm …
[model] Total params: 303.3M │ Trainable: 0.0M
/raid/home/students/goldrajch_dav/projectEYE/P-le-Projet-Zenkolab/src/train.py:184: FutureWarning: `torch.cuda.amp.GradScaler(args...)` is deprecated. Please use `torch.amp.GradScaler('cuda', args...)` instead.
  scaler    = GradScaler() if device.type == "cuda" else None
2026/03/03 22:11:50 INFO mlflow.store.db.utils: Creating initial MLflow database tables...
2026/03/03 22:11:50 INFO mlflow.store.db.utils: Updating database tables
2026/03/03 22:11:52 INFO mlflow.tracking.fluent: Experiment with name 'retfound-vs-vit' does not exist. Creating a new experiment.
[MLflow] exp='retfound-vs-vit'  run='vit_e30_bs32_lr1e-04'
[MLflow] dashboard → mlflow ui  (http://127.0.0.1:5000)
/raid/home/students/goldrajch_dav/projectEYE/P-le-Projet-Zenkolab/src/train.py:108: FutureWarning: `torch.cuda.amp.autocast(args...)` is deprecated. Please use `torch.amp.autocast('cuda', args...)` instead.
  with autocast(enabled=scaler is not None):
/raid/home/students/goldrajch_dav/projectEYE/P-le-Projet-Zenkolab/src/train.py:108: FutureWarning: `torch.cuda.amp.autocast(args...)` is deprecated. Please use `torch.amp.autocast('cuda', args...)` instead.
  with autocast(enabled=scaler is not None):
Epoch 001/30 | Train loss=0.6230 auc=0.7100 acc=0.6640 | Val   loss=0.5750  auc=0.8251  acc=0.6799 | 51.6s
  ✓ Saved best model (val AUC=0.8251) → /raid/home/students/goldrajch_dav/projectEYE/P-le-Projet-Zenkolab/checkpoints/best_vit.pth
/raid/home/students/goldrajch_dav/projectEYE/P-le-Projet-Zenkolab/src/train.py:108: FutureWarning: `torch.cuda.amp.autocast(args...)` is deprecated. Please use `torch.amp.autocast('cuda', args...)` instead.
  with autocast(enabled=scaler is not None):
/raid/home/students/goldrajch_dav/projectEYE/P-le-Projet-Zenkolab/src/train.py:108: FutureWarning: `torch.cuda.amp.autocast(args...)` is deprecated. Please use `torch.amp.autocast('cuda', args...)` instead.
  with autocast(enabled=scaler is not None):
Epoch 002/30 | Train loss=0.5351 auc=0.8113 acc=0.7433 | Val   loss=0.5233  auc=0.8442  acc=0.7197 | 51.8s
  ✓ Saved best model (val AUC=0.8442) → /raid/home/students/goldrajch_dav/projectEYE/P-le-Projet-Zenkolab/checkpoints/best_vit.pth
/raid/home/students/goldrajch_dav/projectEYE/P-le-Projet-Zenkolab/src/train.py:108: FutureWarning: `torch.cuda.amp.autocast(args...)` is deprecated. Please use `torch.amp.autocast('cuda', args...)` instead.
  with autocast(enabled=scaler is not None):
/raid/home/students/goldrajch_dav/projectEYE/P-le-Projet-Zenkolab/src/train.py:108: FutureWarning: `torch.cuda.amp.autocast(args...)` is deprecated. Please use `torch.amp.autocast('cuda', args...)` instead.
  with autocast(enabled=scaler is not None):
Epoch 003/30 | Train loss=0.4895 auc=0.8468 acc=0.7725 | Val   loss=0.5205  auc=0.8605  acc=0.7186 | 51.2s
  ✓ Saved best model (val AUC=0.8605) → /raid/home/students/goldrajch_dav/projectEYE/P-le-Projet-Zenkolab/checkpoints/best_vit.pth
[train] Unfreezing backbone …
/raid/home/students/goldrajch_dav/projectEYE/P-le-Projet-Zenkolab/src/train.py:108: FutureWarning: `torch.cuda.amp.autocast(args...)` is deprecated. Please use `torch.amp.autocast('cuda', args...)` instead.
  with autocast(enabled=scaler is not None):
/raid/home/students/goldrajch_dav/projectEYE/P-le-Projet-Zenkolab/src/train.py:108: FutureWarning: `torch.cuda.amp.autocast(args...)` is deprecated. Please use `torch.amp.autocast('cuda', args...)` instead.
  with autocast(enabled=scaler is not None):
Epoch 004/30 | Train loss=0.3271 auc=0.9361 acc=0.8593 | Val   loss=0.2386  auc=0.9688  acc=0.8937 | 67.9s
  ✓ Saved best model (val AUC=0.9688) → /raid/home/students/goldrajch_dav/projectEYE/P-le-Projet-Zenkolab/checkpoints/best_vit.pth
/raid/home/students/goldrajch_dav/projectEYE/P-le-Projet-Zenkolab/src/train.py:108: FutureWarning: `torch.cuda.amp.autocast(args...)` is deprecated. Please use `torch.amp.autocast('cuda', args...)` instead.
  with autocast(enabled=scaler is not None):
/raid/home/students/goldrajch_dav/projectEYE/P-le-Projet-Zenkolab/src/train.py:108: FutureWarning: `torch.cuda.amp.autocast(args...)` is deprecated. Please use `torch.amp.autocast('cuda', args...)` instead.
  with autocast(enabled=scaler is not None):
Epoch 005/30 | Train loss=0.2304 auc=0.9694 acc=0.9084 | Val   loss=0.2094  auc=0.9795  acc=0.9141 | 66.9s
  ✓ Saved best model (val AUC=0.9795) → /raid/home/students/goldrajch_dav/projectEYE/P-le-Projet-Zenkolab/checkpoints/best_vit.pth
/raid/home/students/goldrajch_dav/projectEYE/P-le-Projet-Zenkolab/src/train.py:108: FutureWarning: `torch.cuda.amp.autocast(args...)` is deprecated. Please use `torch.amp.autocast('cuda', args...)` instead.
  with autocast(enabled=scaler is not None):
/raid/home/students/goldrajch_dav/projectEYE/P-le-Projet-Zenkolab/src/train.py:108: FutureWarning: `torch.cuda.amp.autocast(args...)` is deprecated. Please use `torch.amp.autocast('cuda', args...)` instead.
  with autocast(enabled=scaler is not None):
Epoch 006/30 | Train loss=0.1727 auc=0.9830 acc=0.9371 | Val   loss=0.1825  auc=0.9812  acc=0.9227 | 68.1s
  ✓ Saved best model (val AUC=0.9812) → /raid/home/students/goldrajch_dav/projectEYE/P-le-Projet-Zenkolab/checkpoints/best_vit.pth
/raid/home/students/goldrajch_dav/projectEYE/P-le-Projet-Zenkolab/src/train.py:108: FutureWarning: `torch.cuda.amp.autocast(args...)` is deprecated. Please use `torch.amp.autocast('cuda', args...)` instead.
  with autocast(enabled=scaler is not None):
/raid/home/students/goldrajch_dav/projectEYE/P-le-Projet-Zenkolab/src/train.py:108: FutureWarning: `torch.cuda.amp.autocast(args...)` is deprecated. Please use `torch.amp.autocast('cuda', args...)` instead.
  with autocast(enabled=scaler is not None):
Epoch 007/30 | Train loss=0.1474 auc=0.9881 acc=0.9428 | Val   loss=0.2323  auc=0.9754  acc=0.8915 | 70.0s
/raid/home/students/goldrajch_dav/projectEYE/P-le-Projet-Zenkolab/src/train.py:108: FutureWarning: `torch.cuda.amp.autocast(args...)` is deprecated. Please use `torch.amp.autocast('cuda', args...)` instead.
  with autocast(enabled=scaler is not None):
/raid/home/students/goldrajch_dav/projectEYE/P-le-Projet-Zenkolab/src/train.py:108: FutureWarning: `torch.cuda.amp.autocast(args...)` is deprecated. Please use `torch.amp.autocast('cuda', args...)` instead.
  with autocast(enabled=scaler is not None):
Epoch 008/30 | Train loss=0.1450 auc=0.9884 acc=0.9470 | Val   loss=0.2992  auc=0.9722  acc=0.9012 | 70.8s
/raid/home/students/goldrajch_dav/projectEYE/P-le-Projet-Zenkolab/src/train.py:108: FutureWarning: `torch.cuda.amp.autocast(args...)` is deprecated. Please use `torch.amp.autocast('cuda', args...)` instead.
  with autocast(enabled=scaler is not None):
/raid/home/students/goldrajch_dav/projectEYE/P-le-Projet-Zenkolab/src/train.py:108: FutureWarning: `torch.cuda.amp.autocast(args...)` is deprecated. Please use `torch.amp.autocast('cuda', args...)` instead.
  with autocast(enabled=scaler is not None):
Epoch 009/30 | Train loss=0.1168 auc=0.9926 acc=0.9551 | Val   loss=0.2301  auc=0.9847  acc=0.9259 | 69.3s
  ✓ Saved best model (val AUC=0.9847) → /raid/home/students/goldrajch_dav/projectEYE/P-le-Projet-Zenkolab/checkpoints/best_vit.pth
/raid/home/students/goldrajch_dav/projectEYE/P-le-Projet-Zenkolab/src/train.py:108: FutureWarning: `torch.cuda.amp.autocast(args...)` is deprecated. Please use `torch.amp.autocast('cuda', args...)` instead.
  with autocast(enabled=scaler is not None):
/raid/home/students/goldrajch_dav/projectEYE/P-le-Projet-Zenkolab/src/train.py:108: FutureWarning: `torch.cuda.amp.autocast(args...)` is deprecated. Please use `torch.amp.autocast('cuda', args...)` instead.
  with autocast(enabled=scaler is not None):
Epoch 010/30 | Train loss=0.1073 auc=0.9944 acc=0.9646 | Val   loss=0.2941  auc=0.9777  acc=0.9119 | 71.2s
/raid/home/students/goldrajch_dav/projectEYE/P-le-Projet-Zenkolab/src/train.py:108: FutureWarning: `torch.cuda.amp.autocast(args...)` is deprecated. Please use `torch.amp.autocast('cuda', args...)` instead.
  with autocast(enabled=scaler is not None):
/raid/home/students/goldrajch_dav/projectEYE/P-le-Projet-Zenkolab/src/train.py:108: FutureWarning: `torch.cuda.amp.autocast(args...)` is deprecated. Please use `torch.amp.autocast('cuda', args...)` instead.
  with autocast(enabled=scaler is not None):
Epoch 011/30 | Train loss=0.0772 auc=0.9971 acc=0.9740 | Val   loss=0.1894  auc=0.9879  acc=0.9377 | 69.8s
  ✓ Saved best model (val AUC=0.9879) → /raid/home/students/goldrajch_dav/projectEYE/P-le-Projet-Zenkolab/checkpoints/best_vit.pth
/raid/home/students/goldrajch_dav/projectEYE/P-le-Projet-Zenkolab/src/train.py:108: FutureWarning: `torch.cuda.amp.autocast(args...)` is deprecated. Please use `torch.amp.autocast('cuda', args...)` instead.
  with autocast(enabled=scaler is not None):
/raid/home/students/goldrajch_dav/projectEYE/P-le-Projet-Zenkolab/src/train.py:108: FutureWarning: `torch.cuda.amp.autocast(args...)` is deprecated. Please use `torch.amp.autocast('cuda', args...)` instead.
  with autocast(enabled=scaler is not None):
Epoch 012/30 | Train loss=0.0634 auc=0.9980 acc=0.9803 | Val   loss=0.2528  auc=0.9883  acc=0.9345 | 69.7s
  ✓ Saved best model (val AUC=0.9883) → /raid/home/students/goldrajch_dav/projectEYE/P-le-Projet-Zenkolab/checkpoints/best_vit.pth
/raid/home/students/goldrajch_dav/projectEYE/P-le-Projet-Zenkolab/src/train.py:108: FutureWarning: `torch.cuda.amp.autocast(args...)` is deprecated. Please use `torch.amp.autocast('cuda', args...)` instead.
  with autocast(enabled=scaler is not None):
/raid/home/students/goldrajch_dav/projectEYE/P-le-Projet-Zenkolab/src/train.py:108: FutureWarning: `torch.cuda.amp.autocast(args...)` is deprecated. Please use `torch.amp.autocast('cuda', args...)` instead.
  with autocast(enabled=scaler is not None):
Epoch 013/30 | Train loss=0.0662 auc=0.9980 acc=0.9811 | Val   loss=0.1774  auc=0.9899  acc=0.9517 | 70.0s
  ✓ Saved best model (val AUC=0.9899) → /raid/home/students/goldrajch_dav/projectEYE/P-le-Projet-Zenkolab/checkpoints/best_vit.pth
/raid/home/students/goldrajch_dav/projectEYE/P-le-Projet-Zenkolab/src/train.py:108: FutureWarning: `torch.cuda.amp.autocast(args...)` is deprecated. Please use `torch.amp.autocast('cuda', args...)` instead.
  with autocast(enabled=scaler is not None):
/raid/home/students/goldrajch_dav/projectEYE/P-le-Projet-Zenkolab/src/train.py:108: FutureWarning: `torch.cuda.amp.autocast(args...)` is deprecated. Please use `torch.amp.autocast('cuda', args...)` instead.
  with autocast(enabled=scaler is not None):
Epoch 014/30 | Train loss=0.0463 auc=0.9990 acc=0.9840 | Val   loss=0.1451  auc=0.9933  acc=0.9538 | 70.7s
  ✓ Saved best model (val AUC=0.9933) → /raid/home/students/goldrajch_dav/projectEYE/P-le-Projet-Zenkolab/checkpoints/best_vit.pth
/raid/home/students/goldrajch_dav/projectEYE/P-le-Projet-Zenkolab/src/train.py:108: FutureWarning: `torch.cuda.amp.autocast(args...)` is deprecated. Please use `torch.amp.autocast('cuda', args...)` instead.
  with autocast(enabled=scaler is not None):
/raid/home/students/goldrajch_dav/projectEYE/P-le-Projet-Zenkolab/src/train.py:108: FutureWarning: `torch.cuda.amp.autocast(args...)` is deprecated. Please use `torch.amp.autocast('cuda', args...)` instead.
  with autocast(enabled=scaler is not None):
Epoch 015/30 | Train loss=0.0402 auc=0.9993 acc=0.9894 | Val   loss=0.2093  auc=0.9905  acc=0.9495 | 68.1s
/raid/home/students/goldrajch_dav/projectEYE/P-le-Projet-Zenkolab/src/train.py:108: FutureWarning: `torch.cuda.amp.autocast(args...)` is deprecated. Please use `torch.amp.autocast('cuda', args...)` instead.
  with autocast(enabled=scaler is not None):
/raid/home/students/goldrajch_dav/projectEYE/P-le-Projet-Zenkolab/src/train.py:108: FutureWarning: `torch.cuda.amp.autocast(args...)` is deprecated. Please use `torch.amp.autocast('cuda', args...)` instead.
  with autocast(enabled=scaler is not None):
Epoch 016/30 | Train loss=0.0324 auc=0.9996 acc=0.9911 | Val   loss=0.2623  auc=0.9927  acc=0.9495 | 71.5s
/raid/home/students/goldrajch_dav/projectEYE/P-le-Projet-Zenkolab/src/train.py:108: FutureWarning: `torch.cuda.amp.autocast(args...)` is deprecated. Please use `torch.amp.autocast('cuda', args...)` instead.
  with autocast(enabled=scaler is not None):
/raid/home/students/goldrajch_dav/projectEYE/P-le-Projet-Zenkolab/src/train.py:108: FutureWarning: `torch.cuda.amp.autocast(args...)` is deprecated. Please use `torch.amp.autocast('cuda', args...)` instead.
  with autocast(enabled=scaler is not None):
Epoch 017/30 | Train loss=0.0212 auc=0.9996 acc=0.9958 | Val   loss=0.1713  auc=0.9936  acc=0.9635 | 71.1s
  ✓ Saved best model (val AUC=0.9936) → /raid/home/students/goldrajch_dav/projectEYE/P-le-Projet-Zenkolab/checkpoints/best_vit.pth
/raid/home/students/goldrajch_dav/projectEYE/P-le-Projet-Zenkolab/src/train.py:108: FutureWarning: `torch.cuda.amp.autocast(args...)` is deprecated. Please use `torch.amp.autocast('cuda', args...)` instead.
  with autocast(enabled=scaler is not None):
/raid/home/students/goldrajch_dav/projectEYE/P-le-Projet-Zenkolab/src/train.py:108: FutureWarning: `torch.cuda.amp.autocast(args...)` is deprecated. Please use `torch.amp.autocast('cuda', args...)` instead.
  with autocast(enabled=scaler is not None):
Epoch 018/30 | Train loss=0.0186 auc=0.9998 acc=0.9941 | Val   loss=0.1709  auc=0.9942  acc=0.9689 | 69.3s
  ✓ Saved best model (val AUC=0.9942) → /raid/home/students/goldrajch_dav/projectEYE/P-le-Projet-Zenkolab/checkpoints/best_vit.pth
/raid/home/students/goldrajch_dav/projectEYE/P-le-Projet-Zenkolab/src/train.py:108: FutureWarning: `torch.cuda.amp.autocast(args...)` is deprecated. Please use `torch.amp.autocast('cuda', args...)` instead.
  with autocast(enabled=scaler is not None):
/raid/home/students/goldrajch_dav/projectEYE/P-le-Projet-Zenkolab/src/train.py:108: FutureWarning: `torch.cuda.amp.autocast(args...)` is deprecated. Please use `torch.amp.autocast('cuda', args...)` instead.
  with autocast(enabled=scaler is not None):
Epoch 019/30 | Train loss=0.0078 auc=1.0000 acc=0.9975 | Val   loss=0.1495  auc=0.9962  acc=0.9731 | 69.5s
  ✓ Saved best model (val AUC=0.9962) → /raid/home/students/goldrajch_dav/projectEYE/P-le-Projet-Zenkolab/checkpoints/best_vit.pth
/raid/home/students/goldrajch_dav/projectEYE/P-le-Projet-Zenkolab/src/train.py:108: FutureWarning: `torch.cuda.amp.autocast(args...)` is deprecated. Please use `torch.amp.autocast('cuda', args...)` instead.
  with autocast(enabled=scaler is not None):
/raid/home/students/goldrajch_dav/projectEYE/P-le-Projet-Zenkolab/src/train.py:108: FutureWarning: `torch.cuda.amp.autocast(args...)` is deprecated. Please use `torch.amp.autocast('cuda', args...)` instead.
  with autocast(enabled=scaler is not None):
Epoch 020/30 | Train loss=0.0074 auc=1.0000 acc=0.9976 | Val   loss=0.1603  auc=0.9964  acc=0.9731 | 69.9s
  ✓ Saved best model (val AUC=0.9964) → /raid/home/students/goldrajch_dav/projectEYE/P-le-Projet-Zenkolab/checkpoints/best_vit.pth
/raid/home/students/goldrajch_dav/projectEYE/P-le-Projet-Zenkolab/src/train.py:108: FutureWarning: `torch.cuda.amp.autocast(args...)` is deprecated. Please use `torch.amp.autocast('cuda', args...)` instead.
  with autocast(enabled=scaler is not None):
/raid/home/students/goldrajch_dav/projectEYE/P-le-Projet-Zenkolab/src/train.py:108: FutureWarning: `torch.cuda.amp.autocast(args...)` is deprecated. Please use `torch.amp.autocast('cuda', args...)` instead.
  with autocast(enabled=scaler is not None):
Epoch 021/30 | Train loss=0.0065 auc=1.0000 acc=0.9987 | Val   loss=0.2672  auc=0.9954  acc=0.9646 | 69.5s
/raid/home/students/goldrajch_dav/projectEYE/P-le-Projet-Zenkolab/src/train.py:108: FutureWarning: `torch.cuda.amp.autocast(args...)` is deprecated. Please use `torch.amp.autocast('cuda', args...)` instead.
  with autocast(enabled=scaler is not None):
/raid/home/students/goldrajch_dav/projectEYE/P-le-Projet-Zenkolab/src/train.py:108: FutureWarning: `torch.cuda.amp.autocast(args...)` is deprecated. Please use `torch.amp.autocast('cuda', args...)` instead.
  with autocast(enabled=scaler is not None):
Epoch 022/30 | Train loss=0.0047 auc=1.0000 acc=0.9990 | Val   loss=0.1786  auc=0.9960  acc=0.9764 | 67.6s
/raid/home/students/goldrajch_dav/projectEYE/P-le-Projet-Zenkolab/src/train.py:108: FutureWarning: `torch.cuda.amp.autocast(args...)` is deprecated. Please use `torch.amp.autocast('cuda', args...)` instead.
  with autocast(enabled=scaler is not None):
/raid/home/students/goldrajch_dav/projectEYE/P-le-Projet-Zenkolab/src/train.py:108: FutureWarning: `torch.cuda.amp.autocast(args...)` is deprecated. Please use `torch.amp.autocast('cuda', args...)` instead.
  with autocast(enabled=scaler is not None):
Epoch 023/30 | Train loss=0.0071 auc=1.0000 acc=0.9981 | Val   loss=0.1885  auc=0.9957  acc=0.9753 | 67.6s
/raid/home/students/goldrajch_dav/projectEYE/P-le-Projet-Zenkolab/src/train.py:108: FutureWarning: `torch.cuda.amp.autocast(args...)` is deprecated. Please use `torch.amp.autocast('cuda', args...)` instead.
  with autocast(enabled=scaler is not None):
/raid/home/students/goldrajch_dav/projectEYE/P-le-Projet-Zenkolab/src/train.py:108: FutureWarning: `torch.cuda.amp.autocast(args...)` is deprecated. Please use `torch.amp.autocast('cuda', args...)` instead.
  with autocast(enabled=scaler is not None):
Epoch 024/30 | Train loss=0.0040 auc=1.0000 acc=0.9990 | Val   loss=0.2354  auc=0.9949  acc=0.9710 | 67.4s
/raid/home/students/goldrajch_dav/projectEYE/P-le-Projet-Zenkolab/src/train.py:108: FutureWarning: `torch.cuda.amp.autocast(args...)` is deprecated. Please use `torch.amp.autocast('cuda', args...)` instead.
  with autocast(enabled=scaler is not None):
/raid/home/students/goldrajch_dav/projectEYE/P-le-Projet-Zenkolab/src/train.py:108: FutureWarning: `torch.cuda.amp.autocast(args...)` is deprecated. Please use `torch.amp.autocast('cuda', args...)` instead.
  with autocast(enabled=scaler is not None):
Epoch 025/30 | Train loss=0.0026 auc=1.0000 acc=0.9992 | Val   loss=0.2479  auc=0.9942  acc=0.9678 | 67.7s
/raid/home/students/goldrajch_dav/projectEYE/P-le-Projet-Zenkolab/src/train.py:108: FutureWarning: `torch.cuda.amp.autocast(args...)` is deprecated. Please use `torch.amp.autocast('cuda', args...)` instead.
  with autocast(enabled=scaler is not None):
/raid/home/students/goldrajch_dav/projectEYE/P-le-Projet-Zenkolab/src/train.py:108: FutureWarning: `torch.cuda.amp.autocast(args...)` is deprecated. Please use `torch.amp.autocast('cuda', args...)` instead.
  with autocast(enabled=scaler is not None):
Epoch 026/30 | Train loss=0.0034 auc=1.0000 acc=0.9990 | Val   loss=0.2753  auc=0.9943  acc=0.9678 | 64.5s
/raid/home/students/goldrajch_dav/projectEYE/P-le-Projet-Zenkolab/src/train.py:108: FutureWarning: `torch.cuda.amp.autocast(args...)` is deprecated. Please use `torch.amp.autocast('cuda', args...)` instead.
  with autocast(enabled=scaler is not None):
/raid/home/students/goldrajch_dav/projectEYE/P-le-Projet-Zenkolab/src/train.py:108: FutureWarning: `torch.cuda.amp.autocast(args...)` is deprecated. Please use `torch.amp.autocast('cuda', args...)` instead.
  with autocast(enabled=scaler is not None):
Epoch 027/30 | Train loss=0.0023 auc=1.0000 acc=0.9992 | Val   loss=0.3118  auc=0.9919  acc=0.9624 | 64.2s
[train] Early stopping at epoch 27 (no improvement for 7 epochs)

[train] Done! Best validation AUC: 0.9964

[train] Running final evaluation on REFUGE2 test set …
[REFUGE2 test] AUC=0.9424 | Acc=0.9325 | Sensitivity=0.8250 | Specificity=0.9444
2026/03/03 22:46:20 WARNING mlflow.models.model: `artifact_path` is deprecated. Please use `name` instead.
2026/03/03 22:46:20 WARNING mlflow.pytorch: Saving pytorch model by Pickle or CloudPickle format requires exercising caution because these formats rely on Python's object serialization mechanism, which can execute arbitrary code during deserialization.The recommended safe alternative is to set 'export_model' to True to save the pytorch model using the safe graph model format.
2026/03/03 22:46:29 WARNING mlflow.utils.environment: Failed to resolve installed pip version. ``pip`` will be added to conda.yaml environment spec without a version specifier.

✓ MLflow run saved! View with: mlflow ui
End time : Tue Mar  3 22:46:33 CET 2026
