======================================================
  Model      : ViT-Large (ImageNet-21k)
  Job ID     : 506
  Node       : dgx-a100
  GPU(s)     : MIG-bff49a7d-53d6-5d80-a43b-40a91aacb93a
  Start time : Wed Mar  4 08:44:06 CET 2026
======================================================
[train] Device: cuda
[dataset] MultiDirDataset (train): 5926 total — glaucoma=2011, normal=3915
          GlaucomaDataset(split=train, total=3063, glaucoma=1081, normal=1982, src=train)
          GlaucomaDataset(split=train, total=990, glaucoma=234, normal=756, src=test)
          FolderGlaucomaDataset(split=train, total=520, glaucoma=134, normal=386, src=Train)
          GlaucomaDataset(split=train, total=703, glaucoma=394, normal=309, src=ACRIMA)
          CSVGlaucomaDataset(split=train, total=650, glaucoma=168, normal=482, src=ORIGA)
[dataset] MultiDirDataset (validation): 931 total — glaucoma=430, normal=501
          GlaucomaDataset(split=validation, total=801, glaucoma=396, normal=405, src=validation)
          FolderGlaucomaDataset(split=validation, total=130, glaucoma=34, normal=96, src=Validation)
[train] Test samples (REFUGE2): GlaucomaDataset(split=test, total=400, glaucoma=40, normal=360, src=train)
[model] Loading ViT-Large (ImageNet-21k) from timm …
[model] Total params: 303.8M │ Trainable: 0.5M
/raid/home/students/goldrajch_dav/projectEYE/P-le-Projet-Zenkolab/src/train.py:176: FutureWarning: `torch.cuda.amp.GradScaler(args...)` is deprecated. Please use `torch.amp.GradScaler('cuda', args...)` instead.
  scaler    = GradScaler() if device.type == "cuda" else None
[MLflow] exp='retfound-vs-vit'  run='vit_e30_bs32_lr1e-04'
[MLflow] dashboard → mlflow ui  (http://127.0.0.1:5000)
/raid/home/students/goldrajch_dav/projectEYE/P-le-Projet-Zenkolab/src/train.py:100: FutureWarning: `torch.cuda.amp.autocast(args...)` is deprecated. Please use `torch.amp.autocast('cuda', args...)` instead.
  with autocast(enabled=scaler is not None):
/raid/home/students/goldrajch_dav/projectEYE/P-le-Projet-Zenkolab/src/train.py:100: FutureWarning: `torch.cuda.amp.autocast(args...)` is deprecated. Please use `torch.amp.autocast('cuda', args...)` instead.
  with autocast(enabled=scaler is not None):
Epoch 001/30 | Train loss=0.5201 auc=0.8197 acc=0.7443 | Val   loss=0.4332  auc=0.8872  acc=0.7938 | 42.6s
  ✓ Saved best model (val AUC=0.8872) → /raid/home/students/goldrajch_dav/projectEYE/P-le-Projet-Zenkolab/checkpoints/best_vit.pth
/raid/home/students/goldrajch_dav/projectEYE/P-le-Projet-Zenkolab/src/train.py:100: FutureWarning: `torch.cuda.amp.autocast(args...)` is deprecated. Please use `torch.amp.autocast('cuda', args...)` instead.
  with autocast(enabled=scaler is not None):
/raid/home/students/goldrajch_dav/projectEYE/P-le-Projet-Zenkolab/src/train.py:100: FutureWarning: `torch.cuda.amp.autocast(args...)` is deprecated. Please use `torch.amp.autocast('cuda', args...)` instead.
  with autocast(enabled=scaler is not None):
Epoch 002/30 | Train loss=0.4343 auc=0.8801 acc=0.7980 | Val   loss=0.4547  auc=0.8981  acc=0.7701 | 42.0s
  ✓ Saved best model (val AUC=0.8981) → /raid/home/students/goldrajch_dav/projectEYE/P-le-Projet-Zenkolab/checkpoints/best_vit.pth
/raid/home/students/goldrajch_dav/projectEYE/P-le-Projet-Zenkolab/src/train.py:100: FutureWarning: `torch.cuda.amp.autocast(args...)` is deprecated. Please use `torch.amp.autocast('cuda', args...)` instead.
  with autocast(enabled=scaler is not None):
/raid/home/students/goldrajch_dav/projectEYE/P-le-Projet-Zenkolab/src/train.py:100: FutureWarning: `torch.cuda.amp.autocast(args...)` is deprecated. Please use `torch.amp.autocast('cuda', args...)` instead.
  with autocast(enabled=scaler is not None):
Epoch 003/30 | Train loss=0.4071 auc=0.8955 acc=0.8184 | Val   loss=0.3822  auc=0.9215  acc=0.8314 | 42.0s
  ✓ Saved best model (val AUC=0.9215) → /raid/home/students/goldrajch_dav/projectEYE/P-le-Projet-Zenkolab/checkpoints/best_vit.pth
[train] Unfreezing backbone …
/raid/home/students/goldrajch_dav/projectEYE/P-le-Projet-Zenkolab/src/train.py:100: FutureWarning: `torch.cuda.amp.autocast(args...)` is deprecated. Please use `torch.amp.autocast('cuda', args...)` instead.
  with autocast(enabled=scaler is not None):
/raid/home/students/goldrajch_dav/projectEYE/P-le-Projet-Zenkolab/src/train.py:100: FutureWarning: `torch.cuda.amp.autocast(args...)` is deprecated. Please use `torch.amp.autocast('cuda', args...)` instead.
  with autocast(enabled=scaler is not None):
Epoch 004/30 | Train loss=0.3630 auc=0.9247 acc=0.8507 | Val   loss=0.3049  auc=0.9498  acc=0.8690 | 63.9s
  ✓ Saved best model (val AUC=0.9498) → /raid/home/students/goldrajch_dav/projectEYE/P-le-Projet-Zenkolab/checkpoints/best_vit.pth
/raid/home/students/goldrajch_dav/projectEYE/P-le-Projet-Zenkolab/src/train.py:100: FutureWarning: `torch.cuda.amp.autocast(args...)` is deprecated. Please use `torch.amp.autocast('cuda', args...)` instead.
  with autocast(enabled=scaler is not None):
/raid/home/students/goldrajch_dav/projectEYE/P-le-Projet-Zenkolab/src/train.py:100: FutureWarning: `torch.cuda.amp.autocast(args...)` is deprecated. Please use `torch.amp.autocast('cuda', args...)` instead.
  with autocast(enabled=scaler is not None):
Epoch 005/30 | Train loss=0.2145 auc=0.9740 acc=0.9161 | Val   loss=0.3164  auc=0.9707  acc=0.8657 | 64.0s
  ✓ Saved best model (val AUC=0.9707) → /raid/home/students/goldrajch_dav/projectEYE/P-le-Projet-Zenkolab/checkpoints/best_vit.pth
/raid/home/students/goldrajch_dav/projectEYE/P-le-Projet-Zenkolab/src/train.py:100: FutureWarning: `torch.cuda.amp.autocast(args...)` is deprecated. Please use `torch.amp.autocast('cuda', args...)` instead.
  with autocast(enabled=scaler is not None):
/raid/home/students/goldrajch_dav/projectEYE/P-le-Projet-Zenkolab/src/train.py:100: FutureWarning: `torch.cuda.amp.autocast(args...)` is deprecated. Please use `torch.amp.autocast('cuda', args...)` instead.
  with autocast(enabled=scaler is not None):
Epoch 006/30 | Train loss=0.1683 auc=0.9839 acc=0.9313 | Val   loss=0.4143  auc=0.9663  acc=0.8475 | 63.9s
/raid/home/students/goldrajch_dav/projectEYE/P-le-Projet-Zenkolab/src/train.py:100: FutureWarning: `torch.cuda.amp.autocast(args...)` is deprecated. Please use `torch.amp.autocast('cuda', args...)` instead.
  with autocast(enabled=scaler is not None):
/raid/home/students/goldrajch_dav/projectEYE/P-le-Projet-Zenkolab/src/train.py:100: FutureWarning: `torch.cuda.amp.autocast(args...)` is deprecated. Please use `torch.amp.autocast('cuda', args...)` instead.
  with autocast(enabled=scaler is not None):
Epoch 007/30 | Train loss=0.1461 auc=0.9876 acc=0.9438 | Val   loss=0.2605  auc=0.9727  acc=0.8958 | 64.3s
  ✓ Saved best model (val AUC=0.9727) → /raid/home/students/goldrajch_dav/projectEYE/P-le-Projet-Zenkolab/checkpoints/best_vit.pth
/raid/home/students/goldrajch_dav/projectEYE/P-le-Projet-Zenkolab/src/train.py:100: FutureWarning: `torch.cuda.amp.autocast(args...)` is deprecated. Please use `torch.amp.autocast('cuda', args...)` instead.
  with autocast(enabled=scaler is not None):
/raid/home/students/goldrajch_dav/projectEYE/P-le-Projet-Zenkolab/src/train.py:100: FutureWarning: `torch.cuda.amp.autocast(args...)` is deprecated. Please use `torch.amp.autocast('cuda', args...)` instead.
  with autocast(enabled=scaler is not None):
Epoch 008/30 | Train loss=0.1355 auc=0.9904 acc=0.9531 | Val   loss=0.2064  auc=0.9805  acc=0.9194 | 64.1s
  ✓ Saved best model (val AUC=0.9805) → /raid/home/students/goldrajch_dav/projectEYE/P-le-Projet-Zenkolab/checkpoints/best_vit.pth
/raid/home/students/goldrajch_dav/projectEYE/P-le-Projet-Zenkolab/src/train.py:100: FutureWarning: `torch.cuda.amp.autocast(args...)` is deprecated. Please use `torch.amp.autocast('cuda', args...)` instead.
  with autocast(enabled=scaler is not None):
/raid/home/students/goldrajch_dav/projectEYE/P-le-Projet-Zenkolab/src/train.py:100: FutureWarning: `torch.cuda.amp.autocast(args...)` is deprecated. Please use `torch.amp.autocast('cuda', args...)` instead.
  with autocast(enabled=scaler is not None):
Epoch 009/30 | Train loss=0.1124 auc=0.9935 acc=0.9639 | Val   loss=0.1784  auc=0.9881  acc=0.9334 | 63.8s
  ✓ Saved best model (val AUC=0.9881) → /raid/home/students/goldrajch_dav/projectEYE/P-le-Projet-Zenkolab/checkpoints/best_vit.pth
/raid/home/students/goldrajch_dav/projectEYE/P-le-Projet-Zenkolab/src/train.py:100: FutureWarning: `torch.cuda.amp.autocast(args...)` is deprecated. Please use `torch.amp.autocast('cuda', args...)` instead.
  with autocast(enabled=scaler is not None):
/raid/home/students/goldrajch_dav/projectEYE/P-le-Projet-Zenkolab/src/train.py:100: FutureWarning: `torch.cuda.amp.autocast(args...)` is deprecated. Please use `torch.amp.autocast('cuda', args...)` instead.
  with autocast(enabled=scaler is not None):
Epoch 010/30 | Train loss=0.0936 auc=0.9955 acc=0.9684 | Val   loss=0.1957  auc=0.9876  acc=0.9313 | 64.0s
/raid/home/students/goldrajch_dav/projectEYE/P-le-Projet-Zenkolab/src/train.py:100: FutureWarning: `torch.cuda.amp.autocast(args...)` is deprecated. Please use `torch.amp.autocast('cuda', args...)` instead.
  with autocast(enabled=scaler is not None):
/raid/home/students/goldrajch_dav/projectEYE/P-le-Projet-Zenkolab/src/train.py:100: FutureWarning: `torch.cuda.amp.autocast(args...)` is deprecated. Please use `torch.amp.autocast('cuda', args...)` instead.
  with autocast(enabled=scaler is not None):
Epoch 011/30 | Train loss=0.0809 auc=0.9967 acc=0.9733 | Val   loss=0.2783  auc=0.9833  acc=0.9248 | 64.1s
/raid/home/students/goldrajch_dav/projectEYE/P-le-Projet-Zenkolab/src/train.py:100: FutureWarning: `torch.cuda.amp.autocast(args...)` is deprecated. Please use `torch.amp.autocast('cuda', args...)` instead.
  with autocast(enabled=scaler is not None):
/raid/home/students/goldrajch_dav/projectEYE/P-le-Projet-Zenkolab/src/train.py:100: FutureWarning: `torch.cuda.amp.autocast(args...)` is deprecated. Please use `torch.amp.autocast('cuda', args...)` instead.
  with autocast(enabled=scaler is not None):
Epoch 012/30 | Train loss=0.0784 auc=0.9972 acc=0.9769 | Val   loss=0.3319  auc=0.9889  acc=0.9205 | 63.8s
  ✓ Saved best model (val AUC=0.9889) → /raid/home/students/goldrajch_dav/projectEYE/P-le-Projet-Zenkolab/checkpoints/best_vit.pth
/raid/home/students/goldrajch_dav/projectEYE/P-le-Projet-Zenkolab/src/train.py:100: FutureWarning: `torch.cuda.amp.autocast(args...)` is deprecated. Please use `torch.amp.autocast('cuda', args...)` instead.
  with autocast(enabled=scaler is not None):
/raid/home/students/goldrajch_dav/projectEYE/P-le-Projet-Zenkolab/src/train.py:100: FutureWarning: `torch.cuda.amp.autocast(args...)` is deprecated. Please use `torch.amp.autocast('cuda', args...)` instead.
  with autocast(enabled=scaler is not None):
Epoch 013/30 | Train loss=0.0554 auc=0.9986 acc=0.9845 | Val   loss=0.2124  auc=0.9886  acc=0.9463 | 63.9s
/raid/home/students/goldrajch_dav/projectEYE/P-le-Projet-Zenkolab/src/train.py:100: FutureWarning: `torch.cuda.amp.autocast(args...)` is deprecated. Please use `torch.amp.autocast('cuda', args...)` instead.
  with autocast(enabled=scaler is not None):
/raid/home/students/goldrajch_dav/projectEYE/P-le-Projet-Zenkolab/src/train.py:100: FutureWarning: `torch.cuda.amp.autocast(args...)` is deprecated. Please use `torch.amp.autocast('cuda', args...)` instead.
  with autocast(enabled=scaler is not None):
Epoch 014/30 | Train loss=0.0491 auc=0.9990 acc=0.9865 | Val   loss=0.1821  auc=0.9906  acc=0.9452 | 64.2s
  ✓ Saved best model (val AUC=0.9906) → /raid/home/students/goldrajch_dav/projectEYE/P-le-Projet-Zenkolab/checkpoints/best_vit.pth
/raid/home/students/goldrajch_dav/projectEYE/P-le-Projet-Zenkolab/src/train.py:100: FutureWarning: `torch.cuda.amp.autocast(args...)` is deprecated. Please use `torch.amp.autocast('cuda', args...)` instead.
  with autocast(enabled=scaler is not None):
/raid/home/students/goldrajch_dav/projectEYE/P-le-Projet-Zenkolab/src/train.py:100: FutureWarning: `torch.cuda.amp.autocast(args...)` is deprecated. Please use `torch.amp.autocast('cuda', args...)` instead.
  with autocast(enabled=scaler is not None):
Epoch 015/30 | Train loss=0.0478 auc=0.9989 acc=0.9875 | Val   loss=0.3412  auc=0.9871  acc=0.9366 | 64.4s
/raid/home/students/goldrajch_dav/projectEYE/P-le-Projet-Zenkolab/src/train.py:100: FutureWarning: `torch.cuda.amp.autocast(args...)` is deprecated. Please use `torch.amp.autocast('cuda', args...)` instead.
  with autocast(enabled=scaler is not None):
/raid/home/students/goldrajch_dav/projectEYE/P-le-Projet-Zenkolab/src/train.py:100: FutureWarning: `torch.cuda.amp.autocast(args...)` is deprecated. Please use `torch.amp.autocast('cuda', args...)` instead.
  with autocast(enabled=scaler is not None):
Epoch 016/30 | Train loss=0.0401 auc=0.9994 acc=0.9906 | Val   loss=0.2135  auc=0.9931  acc=0.9592 | 63.8s
  ✓ Saved best model (val AUC=0.9931) → /raid/home/students/goldrajch_dav/projectEYE/P-le-Projet-Zenkolab/checkpoints/best_vit.pth
/raid/home/students/goldrajch_dav/projectEYE/P-le-Projet-Zenkolab/src/train.py:100: FutureWarning: `torch.cuda.amp.autocast(args...)` is deprecated. Please use `torch.amp.autocast('cuda', args...)` instead.
  with autocast(enabled=scaler is not None):
/raid/home/students/goldrajch_dav/projectEYE/P-le-Projet-Zenkolab/src/train.py:100: FutureWarning: `torch.cuda.amp.autocast(args...)` is deprecated. Please use `torch.amp.autocast('cuda', args...)` instead.
  with autocast(enabled=scaler is not None):
Epoch 017/30 | Train loss=0.0228 auc=0.9997 acc=0.9939 | Val   loss=0.4246  auc=0.9908  acc=0.9431 | 64.0s
/raid/home/students/goldrajch_dav/projectEYE/P-le-Projet-Zenkolab/src/train.py:100: FutureWarning: `torch.cuda.amp.autocast(args...)` is deprecated. Please use `torch.amp.autocast('cuda', args...)` instead.
  with autocast(enabled=scaler is not None):
/raid/home/students/goldrajch_dav/projectEYE/P-le-Projet-Zenkolab/src/train.py:100: FutureWarning: `torch.cuda.amp.autocast(args...)` is deprecated. Please use `torch.amp.autocast('cuda', args...)` instead.
  with autocast(enabled=scaler is not None):
Epoch 018/30 | Train loss=0.0201 auc=0.9999 acc=0.9954 | Val   loss=0.2470  auc=0.9902  acc=0.9560 | 64.0s
/raid/home/students/goldrajch_dav/projectEYE/P-le-Projet-Zenkolab/src/train.py:100: FutureWarning: `torch.cuda.amp.autocast(args...)` is deprecated. Please use `torch.amp.autocast('cuda', args...)` instead.
  with autocast(enabled=scaler is not None):
/raid/home/students/goldrajch_dav/projectEYE/P-le-Projet-Zenkolab/src/train.py:100: FutureWarning: `torch.cuda.amp.autocast(args...)` is deprecated. Please use `torch.amp.autocast('cuda', args...)` instead.
  with autocast(enabled=scaler is not None):
Epoch 019/30 | Train loss=0.0191 auc=0.9999 acc=0.9958 | Val   loss=0.2857  auc=0.9913  acc=0.9538 | 63.7s
/raid/home/students/goldrajch_dav/projectEYE/P-le-Projet-Zenkolab/src/train.py:100: FutureWarning: `torch.cuda.amp.autocast(args...)` is deprecated. Please use `torch.amp.autocast('cuda', args...)` instead.
  with autocast(enabled=scaler is not None):
/raid/home/students/goldrajch_dav/projectEYE/P-le-Projet-Zenkolab/src/train.py:100: FutureWarning: `torch.cuda.amp.autocast(args...)` is deprecated. Please use `torch.amp.autocast('cuda', args...)` instead.
  with autocast(enabled=scaler is not None):
Epoch 020/30 | Train loss=0.0137 auc=0.9999 acc=0.9963 | Val   loss=0.4235  auc=0.9880  acc=0.9420 | 64.0s
/raid/home/students/goldrajch_dav/projectEYE/P-le-Projet-Zenkolab/src/train.py:100: FutureWarning: `torch.cuda.amp.autocast(args...)` is deprecated. Please use `torch.amp.autocast('cuda', args...)` instead.
  with autocast(enabled=scaler is not None):
/raid/home/students/goldrajch_dav/projectEYE/P-le-Projet-Zenkolab/src/train.py:100: FutureWarning: `torch.cuda.amp.autocast(args...)` is deprecated. Please use `torch.amp.autocast('cuda', args...)` instead.
  with autocast(enabled=scaler is not None):
Epoch 021/30 | Train loss=0.0076 auc=1.0000 acc=0.9980 | Val   loss=0.3669  auc=0.9928  acc=0.9560 | 63.7s
/raid/home/students/goldrajch_dav/projectEYE/P-le-Projet-Zenkolab/src/train.py:100: FutureWarning: `torch.cuda.amp.autocast(args...)` is deprecated. Please use `torch.amp.autocast('cuda', args...)` instead.
  with autocast(enabled=scaler is not None):
/raid/home/students/goldrajch_dav/projectEYE/P-le-Projet-Zenkolab/src/train.py:100: FutureWarning: `torch.cuda.amp.autocast(args...)` is deprecated. Please use `torch.amp.autocast('cuda', args...)` instead.
  with autocast(enabled=scaler is not None):
Epoch 022/30 | Train loss=0.0105 auc=1.0000 acc=0.9978 | Val   loss=0.3309  auc=0.9917  acc=0.9527 | 63.9s
/raid/home/students/goldrajch_dav/projectEYE/P-le-Projet-Zenkolab/src/train.py:100: FutureWarning: `torch.cuda.amp.autocast(args...)` is deprecated. Please use `torch.amp.autocast('cuda', args...)` instead.
  with autocast(enabled=scaler is not None):
/raid/home/students/goldrajch_dav/projectEYE/P-le-Projet-Zenkolab/src/train.py:100: FutureWarning: `torch.cuda.amp.autocast(args...)` is deprecated. Please use `torch.amp.autocast('cuda', args...)` instead.
  with autocast(enabled=scaler is not None):
Epoch 023/30 | Train loss=0.0077 auc=1.0000 acc=0.9981 | Val   loss=0.2629  auc=0.9937  acc=0.9592 | 63.7s
  ✓ Saved best model (val AUC=0.9937) → /raid/home/students/goldrajch_dav/projectEYE/P-le-Projet-Zenkolab/checkpoints/best_vit.pth
/raid/home/students/goldrajch_dav/projectEYE/P-le-Projet-Zenkolab/src/train.py:100: FutureWarning: `torch.cuda.amp.autocast(args...)` is deprecated. Please use `torch.amp.autocast('cuda', args...)` instead.
  with autocast(enabled=scaler is not None):
/raid/home/students/goldrajch_dav/projectEYE/P-le-Projet-Zenkolab/src/train.py:100: FutureWarning: `torch.cuda.amp.autocast(args...)` is deprecated. Please use `torch.amp.autocast('cuda', args...)` instead.
  with autocast(enabled=scaler is not None):
Epoch 024/30 | Train loss=0.0073 auc=1.0000 acc=0.9985 | Val   loss=0.2458  auc=0.9945  acc=0.9635 | 63.8s
  ✓ Saved best model (val AUC=0.9945) → /raid/home/students/goldrajch_dav/projectEYE/P-le-Projet-Zenkolab/checkpoints/best_vit.pth
/raid/home/students/goldrajch_dav/projectEYE/P-le-Projet-Zenkolab/src/train.py:100: FutureWarning: `torch.cuda.amp.autocast(args...)` is deprecated. Please use `torch.amp.autocast('cuda', args...)` instead.
  with autocast(enabled=scaler is not None):
/raid/home/students/goldrajch_dav/projectEYE/P-le-Projet-Zenkolab/src/train.py:100: FutureWarning: `torch.cuda.amp.autocast(args...)` is deprecated. Please use `torch.amp.autocast('cuda', args...)` instead.
  with autocast(enabled=scaler is not None):
Epoch 025/30 | Train loss=0.0036 auc=1.0000 acc=0.9990 | Val   loss=0.1982  auc=0.9965  acc=0.9667 | 63.9s
  ✓ Saved best model (val AUC=0.9965) → /raid/home/students/goldrajch_dav/projectEYE/P-le-Projet-Zenkolab/checkpoints/best_vit.pth
/raid/home/students/goldrajch_dav/projectEYE/P-le-Projet-Zenkolab/src/train.py:100: FutureWarning: `torch.cuda.amp.autocast(args...)` is deprecated. Please use `torch.amp.autocast('cuda', args...)` instead.
  with autocast(enabled=scaler is not None):
/raid/home/students/goldrajch_dav/projectEYE/P-le-Projet-Zenkolab/src/train.py:100: FutureWarning: `torch.cuda.amp.autocast(args...)` is deprecated. Please use `torch.amp.autocast('cuda', args...)` instead.
  with autocast(enabled=scaler is not None):
Epoch 026/30 | Train loss=0.0060 auc=1.0000 acc=0.9987 | Val   loss=0.2945  auc=0.9936  acc=0.9613 | 63.8s
/raid/home/students/goldrajch_dav/projectEYE/P-le-Projet-Zenkolab/src/train.py:100: FutureWarning: `torch.cuda.amp.autocast(args...)` is deprecated. Please use `torch.amp.autocast('cuda', args...)` instead.
  with autocast(enabled=scaler is not None):
/raid/home/students/goldrajch_dav/projectEYE/P-le-Projet-Zenkolab/src/train.py:100: FutureWarning: `torch.cuda.amp.autocast(args...)` is deprecated. Please use `torch.amp.autocast('cuda', args...)` instead.
  with autocast(enabled=scaler is not None):
Epoch 027/30 | Train loss=0.0034 auc=1.0000 acc=0.9992 | Val   loss=0.2798  auc=0.9930  acc=0.9646 | 63.8s
/raid/home/students/goldrajch_dav/projectEYE/P-le-Projet-Zenkolab/src/train.py:100: FutureWarning: `torch.cuda.amp.autocast(args...)` is deprecated. Please use `torch.amp.autocast('cuda', args...)` instead.
  with autocast(enabled=scaler is not None):
/raid/home/students/goldrajch_dav/projectEYE/P-le-Projet-Zenkolab/src/train.py:100: FutureWarning: `torch.cuda.amp.autocast(args...)` is deprecated. Please use `torch.amp.autocast('cuda', args...)` instead.
  with autocast(enabled=scaler is not None):
Epoch 028/30 | Train loss=0.0021 auc=1.0000 acc=0.9992 | Val   loss=0.3074  auc=0.9938  acc=0.9613 | 64.0s
/raid/home/students/goldrajch_dav/projectEYE/P-le-Projet-Zenkolab/src/train.py:100: FutureWarning: `torch.cuda.amp.autocast(args...)` is deprecated. Please use `torch.amp.autocast('cuda', args...)` instead.
  with autocast(enabled=scaler is not None):
/raid/home/students/goldrajch_dav/projectEYE/P-le-Projet-Zenkolab/src/train.py:100: FutureWarning: `torch.cuda.amp.autocast(args...)` is deprecated. Please use `torch.amp.autocast('cuda', args...)` instead.
  with autocast(enabled=scaler is not None):
Epoch 029/30 | Train loss=0.0053 auc=1.0000 acc=0.9992 | Val   loss=0.2818  auc=0.9950  acc=0.9646 | 63.8s
/raid/home/students/goldrajch_dav/projectEYE/P-le-Projet-Zenkolab/src/train.py:100: FutureWarning: `torch.cuda.amp.autocast(args...)` is deprecated. Please use `torch.amp.autocast('cuda', args...)` instead.
  with autocast(enabled=scaler is not None):
/raid/home/students/goldrajch_dav/projectEYE/P-le-Projet-Zenkolab/src/train.py:100: FutureWarning: `torch.cuda.amp.autocast(args...)` is deprecated. Please use `torch.amp.autocast('cuda', args...)` instead.
  with autocast(enabled=scaler is not None):
Epoch 030/30 | Train loss=0.0023 auc=1.0000 acc=0.9993 | Val   loss=0.2973  auc=0.9949  acc=0.9635 | 63.8s

[train] Done! Best validation AUC: 0.9965

[train] Running final evaluation on REFUGE2 test set …
[REFUGE2 test] AUC=0.9452 | Acc=0.8750 | Sensitivity=0.8500 | Specificity=0.8778
2026/03/04 09:17:48 WARNING mlflow.models.model: `artifact_path` is deprecated. Please use `name` instead.
2026/03/04 09:17:48 WARNING mlflow.pytorch: Saving pytorch model by Pickle or CloudPickle format requires exercising caution because these formats rely on Python's object serialization mechanism, which can execute arbitrary code during deserialization.The recommended safe alternative is to set 'export_model' to True to save the pytorch model using the safe graph model format.
2026/03/04 09:17:56 WARNING mlflow.utils.environment: Failed to resolve installed pip version. ``pip`` will be added to conda.yaml environment spec without a version specifier.

✓ MLflow run saved! View with: mlflow ui
End time : Wed Mar  4 09:18:00 CET 2026
